###############################################################################
#
# IAR ELF Linker V8.22.1.15669/W32 for ARM                24/Mar/2019  08:44:31
# Copyright 2007-2018 IAR Systems AB.
#
#    Output file  =  
#        D:\IAR_Project\3.15_speed2_zigesai\Debug\Exe\seusmarter.out
#    Map file     =  
#        D:\IAR_Project\3.15_speed2_zigesai\Debug\List\seusmarter.map
#    Command line =  
#        -f C:\Users\16331\AppData\Local\Temp\EWABCA.tmp
#        (D:\IAR_Project\3.15_speed2_zigesai\Debug\Obj\adc.o
#        D:\IAR_Project\3.15_speed2_zigesai\Debug\Obj\can.o
#        D:\IAR_Project\3.15_speed2_zigesai\Debug\Obj\cmp.o
#        D:\IAR_Project\3.15_speed2_zigesai\Debug\Obj\common.o
#        D:\IAR_Project\3.15_speed2_zigesai\Debug\Obj\cpuidy.o
#        D:\IAR_Project\3.15_speed2_zigesai\Debug\Obj\crc.o
#        D:\IAR_Project\3.15_speed2_zigesai\Debug\Obj\dac.o
#        D:\IAR_Project\3.15_speed2_zigesai\Debug\Obj\DEV_SCCB.o
#        D:\IAR_Project\3.15_speed2_zigesai\Debug\Obj\dma.o
#        D:\IAR_Project\3.15_speed2_zigesai\Debug\Obj\enet.o
#        D:\IAR_Project\3.15_speed2_zigesai\Debug\Obj\flash.o
#        D:\IAR_Project\3.15_speed2_zigesai\Debug\Obj\flexbus.o
#        D:\IAR_Project\3.15_speed2_zigesai\Debug\Obj\ftm.o
#        D:\IAR_Project\3.15_speed2_zigesai\Debug\Obj\gpio.o
#        D:\IAR_Project\3.15_speed2_zigesai\Debug\Obj\gui.o
#        D:\IAR_Project\3.15_speed2_zigesai\Debug\Obj\i2c.o
#        D:\IAR_Project\3.15_speed2_zigesai\Debug\Obj\i2s.o
#        D:\IAR_Project\3.15_speed2_zigesai\Debug\Obj\img_processing.o
#        D:\IAR_Project\3.15_speed2_zigesai\Debug\Obj\init.o
#        D:\IAR_Project\3.15_speed2_zigesai\Debug\Obj\isr.o
#        D:\IAR_Project\3.15_speed2_zigesai\Debug\Obj\lptmr.o
#        D:\IAR_Project\3.15_speed2_zigesai\Debug\Obj\main.o
#        D:\IAR_Project\3.15_speed2_zigesai\Debug\Obj\nfc.o
#        D:\IAR_Project\3.15_speed2_zigesai\Debug\Obj\oled.o
#        D:\IAR_Project\3.15_speed2_zigesai\Debug\Obj\pdb.o
#        D:\IAR_Project\3.15_speed2_zigesai\Debug\Obj\PID.o
#        D:\IAR_Project\3.15_speed2_zigesai\Debug\Obj\pit.o
#        D:\IAR_Project\3.15_speed2_zigesai\Debug\Obj\rtc.o
#        D:\IAR_Project\3.15_speed2_zigesai\Debug\Obj\sd.o
#        D:\IAR_Project\3.15_speed2_zigesai\Debug\Obj\spi.o
#        D:\IAR_Project\3.15_speed2_zigesai\Debug\Obj\startup_MK60D10.o
#        D:\IAR_Project\3.15_speed2_zigesai\Debug\Obj\sysinit.o
#        D:\IAR_Project\3.15_speed2_zigesai\Debug\Obj\system_MK60D10.o
#        D:\IAR_Project\3.15_speed2_zigesai\Debug\Obj\systick.o
#        D:\IAR_Project\3.15_speed2_zigesai\Debug\Obj\tsi.o
#        D:\IAR_Project\3.15_speed2_zigesai\Debug\Obj\uart.o
#        D:\IAR_Project\3.15_speed2_zigesai\Debug\Obj\upper_monitor.o
#        D:\IAR_Project\3.15_speed2_zigesai\Debug\Obj\varieble.o
#        D:\IAR_Project\3.15_speed2_zigesai\Debug\Obj\vref.o
#        D:\IAR_Project\3.15_speed2_zigesai\Debug\Obj\wdog.o -o
#        D:\IAR_Project\3.15_speed2_zigesai\Debug\Exe\seusmarter.out --redirect
#        _Printf=_PrintfFullNoMb --redirect _Scanf=_ScanfFullNoMb --map
#        D:\IAR_Project\3.15_speed2_zigesai\Debug\List\seusmarter.map --config
#        "C:\Program Files (x86)\IAR Systems\Embedded Workbench
#        8.0\arm\config\linker\NXP\MK60xN512_10.icf" --semihosting --entry
#        __iar_program_start --vfe --text_out locale)
#
###############################################################################

*******************************************************************************
*** RUNTIME MODEL ATTRIBUTES
***

CppFlavor       = *
__SystemLibrary = DLib
__dlib_version  = 6


*******************************************************************************
*** HEAP SELECTION
***

The basic heap was selected because no calls to memory allocation
functions were found in the application outside of system library
functions, and there are calls to deallocation functions in the
application.


*******************************************************************************
*** PLACEMENT SUMMARY
***

"A0":  place at 0x00000000 { ro section .intvec };
"P2":  place in [from 0x00000000 to 0x000003ff] |
                [from 0x00000410 to 0x0007ffff] { ro };
define block CSTACK with size = 8K, alignment = 8 { };
define block HEAP with size = 16K, alignment = 8 { };
"P3":  place in [from 0x1fff0000 to 0x1fffffff repeat 2] {
          rw, block CSTACK, block HEAP };
initialize by copy { rw };

No sections matched the following patterns:

  section FlashConfig  in "P1"


  Section            Kind        Address    Size  Object
  -------            ----        -------    ----  ------
"A0":                                      0x410
  .intvec            ro code  0x00000000   0x410  startup_MK60D10.o [1]
                            - 0x00000410   0x410

"P2":                                     0xcc80
  .rodata            const    0x00000410  0x8000  oled.o [1]
  .text              ro code  0x00008410   0xcca  ftm.o [1]
  .text              ro code  0x000090dc   0x592  gpio.o [1]
  .text              ro code  0x00009670    0x70  common.o [1]
  .text              ro code  0x000096e0   0x23c  system_MK60D10.o [1]
  .text              ro code  0x0000991c     0x2  common.o [1]
  .text              ro code  0x00009920   0x778  main.o [1]
  .text              ro code  0x0000a098   0x24c  init.o [1]
  .text              ro code  0x0000a2e4   0x190  lptmr.o [1]
  .text              ro code  0x0000a474   0x19c  pit.o [1]
  .text              ro code  0x0000a610   0x13c  PID.o [1]
  .text              ro code  0x0000a74c   0x454  img_processing.o [1]
  .text              ro code  0x0000aba0   0x530  oled.o [1]
  .text              ro code  0x0000b0d0    0x24  S32ToFlt.o [4]
  .text              ro code  0x0000b0f4    0xac  gui.o [1]
  .text              ro code  0x0000b1a0    0xd8  FltMul.o [4]
  .text              ro code  0x0000b278    0x80  FltSub.o [4]
  .text              ro code  0x0000b2f8    0x2a  FltToS32.o [4]
  .text              ro code  0x0000b324    0xe2  FltAdd.o [4]
  .text              ro code  0x0000b408   0x548  uart.o [1]
  .text              ro code  0x0000b950     0x6  ABImemclr4.o [5]
  .text              ro code  0x0000b958   0x328  dma.o [1]
  .text              ro code  0x0000bc80   0x1aa  DEV_SCCB.o [1]
  .text              ro code  0x0000be2c    0x24  FltCmpGe.o [4]
  .text              ro code  0x0000be50    0x24  FltCmpLe.o [4]
  .text              ro code  0x0000be74     0x6  ABImemclr.o [5]
  .text              ro code  0x0000be7c    0x32  ABImemset48.o [5]
  .text              ro code  0x0000beb0    0x5e  ABImemset.o [5]
  .rodata            const    0x0000bf10   0x5f0  oled.o [1]
  .rodata            const    0x0000c500   0x474  oled.o [1]
  .text              ro code  0x0000c974    0xa0  isr.o [1]
  .text              ro code  0x0000ca14    0x94  dac.o [1]
  .text              ro code  0x0000caa8    0x58  rtc.o [1]
  .text              ro code  0x0000cb00    0x52  spi.o [1]
  .rodata            const    0x0000cb54    0x48  uart.o [1]
  .text              ro code  0x0000cb9c    0x48  enet.o [1]
  .text              ro code  0x0000cbe4    0x40  zero_init3.o [5]
  .text              ro code  0x0000cc24    0x34  tsi.o [1]
  .text              ro code  0x0000cc58    0x30  can.o [1]
  .text              ro code  0x0000cc88    0x2c  copy_init3.o [5]
  .text              ro code  0x0000ccb4    0x28  adc.o [1]
  .text              ro code  0x0000ccdc    0x28  pdb.o [1]
  .text              ro code  0x0000cd04    0x28  wdog.o [1]
  .text              ro code  0x0000cd2c    0x28  data_init.o [5]
  .rodata            const    0x0000cd54    0x24  ftm.o [1]
  .iar.init_table    const    0x0000cd78    0x24  - Linker created -
  .text              ro code  0x0000cd9c    0x1e  cmain.o [5]
  .text              ro code  0x0000cdba     0x4  low_level_init.o [3]
  .text              ro code  0x0000cdbe     0x4  exit.o [3]
  .text              ro code  0x0000cdc4     0xa  cexit.o [5]
  .text              ro code  0x0000cdd0    0x14  exit.o [6]
  .rodata            const    0x0000cde4    0x18  uart.o [1]
  .rodata            const    0x0000cdfc    0x14  gpio.o [1]
  .rodata            const    0x0000ce10    0x14  gpio.o [1]
  .rodata            const    0x0000ce24    0x14  gpio.o [1]
  .rodata            const    0x0000ce38    0x10  oled.o [1]
  .text              ro code  0x0000ce48    0x10  startup_MK60D10.o [1]
  .rodata            const    0x0000ce58     0xc  ftm.o [1]
  .rodata            const    0x0000ce64     0xc  ftm.o [1]
  .rodata            const    0x0000ce70     0xc  lptmr.o [1]
  .rodata            const    0x0000ce7c     0xc  main.o [1]
  .rodata            const    0x0000ce88     0xc  main.o [1]
  .rodata            const    0x0000ce94     0xc  main.o [1]
  .rodata            const    0x0000cea0     0xc  spi.o [1]
  .text              ro code  0x0000ceac     0xc  cstartup_M.o [5]
  .rodata            const    0x0000ceb8     0x8  dac.o [1]
  .rodata            const    0x0000cec0     0x8  gpio.o [1]
  .rodata            const    0x0000cec8     0x8  oled.o [1]
  .rodata            const    0x0000ced0     0x4  dma.o [1]
  .rodata            const    0x0000ced4     0x4  pit.o [1]
  .text              ro code  0x0000ced8     0x4  startup_MK60D10.o [1]
  .text              ro code  0x0000cedc     0x4  startup_MK60D10.o [1]
  .text              ro code  0x0000cee0     0x4  startup_MK60D10.o [1]
  .text              ro code  0x0000cee4     0x4  startup_MK60D10.o [1]
  .text              ro code  0x0000cee8     0x4  startup_MK60D10.o [1]
  .text              ro code  0x0000ceec     0x4  startup_MK60D10.o [1]
  .text              ro code  0x0000cef0     0x4  startup_MK60D10.o [1]
  .text              ro code  0x0000cef4     0x4  startup_MK60D10.o [1]
  .text              ro code  0x0000cef8     0x4  startup_MK60D10.o [1]
  .text              ro code  0x0000cefc     0x4  startup_MK60D10.o [1]
  .text              ro code  0x0000cf00     0x4  startup_MK60D10.o [1]
  .text              ro code  0x0000cf04     0x4  startup_MK60D10.o [1]
  .text              ro code  0x0000cf08     0x4  startup_MK60D10.o [1]
  .text              ro code  0x0000cf0c     0x4  startup_MK60D10.o [1]
  .text              ro code  0x0000cf10     0x4  startup_MK60D10.o [1]
  .text              ro code  0x0000cf14     0x4  startup_MK60D10.o [1]
  .text              ro code  0x0000cf18     0x4  startup_MK60D10.o [1]
  .text              ro code  0x0000cf1c     0x4  startup_MK60D10.o [1]
  .text              ro code  0x0000cf20     0x4  startup_MK60D10.o [1]
  .text              ro code  0x0000cf24     0x4  startup_MK60D10.o [1]
  .text              ro code  0x0000cf28     0x4  startup_MK60D10.o [1]
  .text              ro code  0x0000cf2c     0x4  startup_MK60D10.o [1]
  .text              ro code  0x0000cf30     0x4  startup_MK60D10.o [1]
  .text              ro code  0x0000cf34     0x4  startup_MK60D10.o [1]
  .text              ro code  0x0000cf38     0x4  startup_MK60D10.o [1]
  .text              ro code  0x0000cf3c     0x4  startup_MK60D10.o [1]
  .text              ro code  0x0000cf40     0x4  startup_MK60D10.o [1]
  .text              ro code  0x0000cf44     0x4  startup_MK60D10.o [1]
  .text              ro code  0x0000cf48     0x4  startup_MK60D10.o [1]
  .text              ro code  0x0000cf4c     0x4  startup_MK60D10.o [1]
  .text              ro code  0x0000cf50     0x4  startup_MK60D10.o [1]
  .text              ro code  0x0000cf54     0x4  startup_MK60D10.o [1]
  .text              ro code  0x0000cf58     0x4  startup_MK60D10.o [1]
  .text              ro code  0x0000cf5c     0x4  startup_MK60D10.o [1]
  .text              ro code  0x0000cf60     0x4  startup_MK60D10.o [1]
  .text              ro code  0x0000cf64     0x4  startup_MK60D10.o [1]
  .text              ro code  0x0000cf68     0x4  startup_MK60D10.o [1]
  .text              ro code  0x0000cf6c     0x4  startup_MK60D10.o [1]
  .text              ro code  0x0000cf70     0x4  startup_MK60D10.o [1]
  .text              ro code  0x0000cf74     0x4  startup_MK60D10.o [1]
  .text              ro code  0x0000cf78     0x4  startup_MK60D10.o [1]
  .text              ro code  0x0000cf7c     0x4  startup_MK60D10.o [1]
  .text              ro code  0x0000cf80     0x4  startup_MK60D10.o [1]
  .text              ro code  0x0000cf84     0x4  startup_MK60D10.o [1]
  .text              ro code  0x0000cf88     0x4  startup_MK60D10.o [1]
  .text              ro code  0x0000cf8c     0x4  startup_MK60D10.o [1]
  .text              ro code  0x0000cf90     0x4  startup_MK60D10.o [1]
  .text              ro code  0x0000cf94     0x4  startup_MK60D10.o [1]
  .text              ro code  0x0000cf98     0x4  startup_MK60D10.o [1]
  .text              ro code  0x0000cf9c     0x4  startup_MK60D10.o [1]
  .text              ro code  0x0000cfa0     0x4  startup_MK60D10.o [1]
  .text              ro code  0x0000cfa4     0x4  startup_MK60D10.o [1]
  .text              ro code  0x0000cfa8     0x4  startup_MK60D10.o [1]
  .text              ro code  0x0000cfac     0x4  startup_MK60D10.o [1]
  .text              ro code  0x0000cfb0     0x4  startup_MK60D10.o [1]
  .text              ro code  0x0000cfb4     0x4  startup_MK60D10.o [1]
  .text              ro code  0x0000cfb8     0x4  startup_MK60D10.o [1]
  .text              ro code  0x0000cfbc     0x4  startup_MK60D10.o [1]
  .text              ro code  0x0000cfc0     0x4  startup_MK60D10.o [1]
  .text              ro code  0x0000cfc4     0x4  startup_MK60D10.o [1]
  .text              ro code  0x0000cfc8     0x4  startup_MK60D10.o [1]
  .text              ro code  0x0000cfcc     0x4  startup_MK60D10.o [1]
  .text              ro code  0x0000cfd0     0x4  startup_MK60D10.o [1]
  .rodata            const    0x0000cfd4     0x0  zero_init3.o [5]
  .rodata            const    0x0000cfd4     0x0  copy_init3.o [5]
  Initializer bytes  const    0x0000cfd4    0xbc  <for P3 s0>
                            - 0x0000d090  0xcc80

"P3", part 1 of 3:                          0xbc
  P3 s0                       0x1fff0000    0xbc  <Init block>
    .data            inited   0x1fff0000    0xa0  img_processing.o [1]
    .data            inited   0x1fff00a0     0x4  main.o [1]
    .data            inited   0x1fff00a4     0x4  main.o [1]
    .data            inited   0x1fff00a8     0x4  main.o [1]
    .data            inited   0x1fff00ac     0x4  system_MK60D10.o [1]
    .data            inited   0x1fff00b0     0x4  varieble.o [1]
    .data            inited   0x1fff00b4     0x2  main.o [1]
    .data            inited   0x1fff00b6     0x2  main.o [1]
    .data            inited   0x1fff00b8     0x2  main.o [1]
    .data            inited   0x1fff00ba     0x1  uart.o [1]
                            - 0x1fff00bc    0xbc

"P3", part 2 of 3:                        0x4178
  .bss               zero     0x1fff00bc  0x1db0  varieble.o [1]
  .bss               zero     0x1fff1e6c  0x1db0  varieble.o [1]
  .bss               zero     0x1fff3c1c   0x400  oled.o [1]
  .bss               zero     0x1fff401c    0x40  dma.o [1]
  .bss               zero     0x1fff405c    0x34  varieble.o [1]
  .bss               zero     0x1fff4090    0x34  varieble.o [1]
  .bss               zero     0x1fff40c4    0x34  varieble.o [1]
  .bss               zero     0x1fff40f8    0x20  PID.o [1]
  .bss               zero     0x1fff4118    0x20  PID.o [1]
  .bss               zero     0x1fff4138    0x20  PID.o [1]
  .bss               zero     0x1fff4158    0x18  uart.o [1]
  .bss               zero     0x1fff4170    0x18  uart.o [1]
  .bss               zero     0x1fff4188    0x14  gpio.o [1]
  .bss               zero     0x1fff419c    0x10  pit.o [1]
  .bss               zero     0x1fff41ac     0xc  ftm.o [1]
  .bss               zero     0x1fff41b8     0xc  spi.o [1]
  .bss               zero     0x1fff41c4     0x8  adc.o [1]
  .bss               zero     0x1fff41cc     0x8  can.o [1]
  .bss               zero     0x1fff41d4     0x8  dac.o [1]
  .bss               zero     0x1fff41dc     0x4  enet.o [1]
  .bss               zero     0x1fff41e0     0x4  enet.o [1]
  .bss               zero     0x1fff41e4     0x4  gui.o [1]
  .bss               zero     0x1fff41e8     0x4  gui.o [1]
  .bss               zero     0x1fff41ec     0x4  lptmr.o [1]
  .bss               zero     0x1fff41f0     0x4  main.o [1]
  .bss               zero     0x1fff41f4     0x4  main.o [1]
  .bss               zero     0x1fff41f8     0x4  main.o [1]
  .bss               zero     0x1fff41fc     0x4  pdb.o [1]
  .bss               zero     0x1fff4200     0x4  pit.o [1]
  .bss               zero     0x1fff4204     0x4  rtc.o [1]
  .bss               zero     0x1fff4208     0x4  tsi.o [1]
  .bss               zero     0x1fff420c     0x4  varieble.o [1]
  .bss               zero     0x1fff4210     0x4  varieble.o [1]
  .bss               zero     0x1fff4214     0x4  varieble.o [1]
  .bss               zero     0x1fff4218     0x4  varieble.o [1]
  .bss               zero     0x1fff421c     0x4  wdog.o [1]
  .bss               zero     0x1fff4220     0x2  isr.o [1]
  .bss               zero     0x1fff4222     0x2  main.o [1]
  .bss               zero     0x1fff4224     0x2  main.o [1]
  .bss               zero     0x1fff4226     0x2  main.o [1]
  .bss               zero     0x1fff4228     0x2  varieble.o [1]
  .bss               zero     0x1fff422a     0x1  img_processing.o [1]
  .bss               zero     0x1fff422b     0x1  main.o [1]
  .bss               zero     0x1fff422c     0x1  main.o [1]
  .bss               zero     0x1fff422d     0x1  main.o [1]
  .bss               zero     0x1fff422e     0x1  main.o [1]
  .bss               zero     0x1fff422f     0x1  main.o [1]
  .bss               zero     0x1fff4230     0x1  main.o [1]
  .bss               zero     0x1fff4231     0x1  main.o [1]
  .bss               zero     0x1fff4232     0x1  uart.o [1]
  .bss               zero     0x1fff4233     0x1  varieble.o [1]
                            - 0x1fff4234  0x4178

"P3", part 3 of 3:                        0x2000
  CSTACK                      0x1fff4238  0x2000  <Block>
    CSTACK           uninit   0x1fff4238  0x2000  <Block tail>
                            - 0x1fff6238  0x2000


*******************************************************************************
*** INIT TABLE
***

          Address     Size
          -------     ----
Zero (__iar_zero_init3)
    1 destination range, total size 0x4178:
          0x1fff00bc  0x4178

Copy (__iar_copy_init3)
    1 source range, total size 0xbc (100% of destination):
          0x0000cfd4    0xbc
    1 destination range, total size 0xbb:
          0x1fff0000    0xbb



*******************************************************************************
*** MODULE SUMMARY
***

    Module             ro code  ro data  rw data
    ------             -------  -------  -------
D:\IAR_Project\3.15_speed2_zigesai\Debug\Obj: [1]
    DEV_SCCB.o             426
    PID.o                  316                96
    adc.o                   40                 8
    can.o                   48                 8
    common.o               114
    dac.o                  148        8        8
    dma.o                  808        4       64
    enet.o                  72                 8
    ftm.o                3 274       60       12
    gpio.o               1 426       68       20
    gui.o                  172                 8
    img_processing.o     1 108      160      161
    init.o                 588
    isr.o                  160                 2
    lptmr.o                400       12        4
    main.o               1 912       54       43
    oled.o               1 328   35 452    1 024
    pdb.o                   40                 4
    pit.o                  412        4       20
    rtc.o                   88                 4
    spi.o                   82       12       12
    startup_MK60D10.o    1 308
    system_MK60D10.o       572        4        4
    tsi.o                   52                 4
    uart.o               1 352       97       50
    varieble.o                        4   15 379
    wdog.o                  40                 4
    --------------------------------------------
    Total:              16 286   35 939   16 947

command line: [2]
    --------------------------------------------
    Total:

dl7M_tlf.a: [3]
    exit.o                   4
    low_level_init.o         4
    --------------------------------------------
    Total:                   8

m7M_tl.a: [4]
    FltAdd.o               226
    FltCmpGe.o              36
    FltCmpLe.o              36
    FltMul.o               216
    FltSub.o               128
    FltToS32.o              42
    S32ToFlt.o              36
    --------------------------------------------
    Total:                 720

rt7M_tl.a: [5]
    ABImemclr.o              6
    ABImemclr4.o             6
    ABImemset.o             94
    ABImemset48.o           50
    cexit.o                 10
    cmain.o                 30
    copy_init3.o            44
    cstartup_M.o            12
    data_init.o             40
    zero_init3.o            64
    --------------------------------------------
    Total:                 356

shb_l.a: [6]
    exit.o                  20
    --------------------------------------------
    Total:                  20

    Gaps                    22        4
    Linker created                   37    8 192
------------------------------------------------
    Grand Total:        17 412   35 980   25 139


*******************************************************************************
*** ENTRY LIST
***

Entry                      Address    Size  Type      Object
-----                      -------    ----  ----      ------
.iar.init_table$$Base   0x0000cd78           --   Gb  - Linker created -
.iar.init_table$$Limit  0x0000cd9c           --   Gb  - Linker created -
?main                   0x0000cd9d          Code  Gb  cmain.o [5]
ADC0_IRQHandler         0x0000ccb5    0x12  Code  Gb  adc.o [1]
ADC1_IRQHandler         0x0000ccc7    0x12  Code  Gb  adc.o [1]
ADC_CallBackTable       0x1fff41c4     0x8  Data  Lc  adc.o [1]
Angleflag               0x1fff422a     0x1  Data  Gb  img_processing.o [1]
CAN0_ORed_Message_buffer_IRQHandler
                        0x0000cc75     0xa  Code  Gb  can.o [1]
CAN1_ORed_Message_buffer_IRQHandler
                        0x0000cc7f     0xa  Code  Gb  can.o [1]
CAN_CallBackTable       0x1fff41cc     0x8  Data  Lc  can.o [1]
CAN_IRQHandler          0x0000cc59    0x16  Code  Gb  can.o [1]
CSTACK$$Base            0x1fff4238           --   Gb  - Linker created -
CSTACK$$Limit           0x1fff6238           --   Gb  - Linker created -
ClkTbl                  0x0000cb54    0x48  Data  Lc  uart.o [1]
Control                 0x00009ca5   0x2fc  Code  Gb  main.o [1]
DAC0_IRQHandler         0x0000ca95     0xa  Code  Gb  dac.o [1]
DAC1_IRQHandler         0x0000ca9f     0xa  Code  Gb  dac.o [1]
DAC_CallBackTable       0x1fff41d4     0x8  Data  Lc  dac.o [1]
DAC_IRQHandler          0x0000ca15    0x74  Code  Lc  dac.o [1]
DAC_InstanceTable       0x0000ceb8     0x8  Data  Lc  dac.o [1]
DMA0_IRQHandler         0x0000bbe1     0xa  Code  Gb  dma.o [1]
DMA10_IRQHandler        0x0000bc45     0xa  Code  Gb  dma.o [1]
DMA11_IRQHandler        0x0000bc4f     0xa  Code  Gb  dma.o [1]
DMA12_IRQHandler        0x0000bc59     0xa  Code  Gb  dma.o [1]
DMA13_IRQHandler        0x0000bc63     0xa  Code  Gb  dma.o [1]
DMA14_IRQHandler        0x0000bc6d     0xa  Code  Gb  dma.o [1]
DMA15_IRQHandler        0x0000bc77     0xa  Code  Gb  dma.o [1]
DMA1_IRQHandler         0x0000bbeb     0xa  Code  Gb  dma.o [1]
DMA2_IRQHandler         0x0000bbf5     0xa  Code  Gb  dma.o [1]
DMA3_IRQHandler         0x0000bbff     0xa  Code  Gb  dma.o [1]
DMA4_IRQHandler         0x0000bc09     0xa  Code  Gb  dma.o [1]
DMA5_IRQHandler         0x0000bc13     0xa  Code  Gb  dma.o [1]
DMA6_IRQHandler         0x0000bc1d     0xa  Code  Gb  dma.o [1]
DMA7_IRQHandler         0x0000bc27     0xa  Code  Gb  dma.o [1]
DMA8_IRQHandler         0x0000bc31     0xa  Code  Gb  dma.o [1]
DMA9_IRQHandler         0x0000bc3b     0xa  Code  Gb  dma.o [1]
DMAMUX_InstanceTable    0x0000ced0     0x4  Data  Lc  dma.o [1]
DMA_CallBackTable       0x1fff401c    0x40  Data  Lc  dma.o [1]
DMA_DisableRequest      0x0000bb87     0xa  Code  Gb  dma.o [1]
DMA_EnableRequest       0x0000bb7d     0xa  Code  Gb  dma.o [1]
DMA_IRQHandler          0x0000bb9d    0x1e  Code  Lc  dma.o [1]
DMA_Init                0x0000b959   0x224  Code  Gb  dma.o [1]
DMA_SetDestAddress      0x0000bb91     0xc  Code  Gb  dma.o [1]
Dly_ms_200M             0x0000aefb    0x2a  Code  Gb  oled.o [1]
ENET_CallBackRxTable    0x1fff41e0     0x4  Data  Lc  enet.o [1]
ENET_CallBackTxTable    0x1fff41dc     0x4  Data  Lc  enet.o [1]
ENET_Receive_IRQHandler
                        0x0000cbbb    0x1e  Code  Gb  enet.o [1]
ENET_Transmit_IRQHandler
                        0x0000cb9d    0x1e  Code  Gb  enet.o [1]
Enterflag               0x1fff41f4     0x4  Data  Gb  main.o [1]
FTM0_IRQHandler         0x000090bd     0xa  Code  Gb  ftm.o [1]
FTM1_IRQHandler         0x000090c7     0xa  Code  Gb  ftm.o [1]
FTM2_IRQHandler         0x000090d1     0xa  Code  Gb  ftm.o [1]
FTM_CallBackTable       0x1fff41ac     0xc  Data  Lc  ftm.o [1]
FTM_ChlMaxTable         0x0000ce64     0xc  Data  Lc  ftm.o [1]
FTM_DualChlConfig       0x000086a7    0xc6  Code  Lc  ftm.o [1]
FTM_IRQHandler          0x00009035    0x78  Code  Gb  ftm.o [1]
FTM_InstanceTable       0x0000ce58     0xc  Data  Lc  ftm.o [1]
FTM_PWM_ChangeDuty      0x00008f7f    0xac  Code  Gb  ftm.o [1]
FTM_PWM_InvertPolarity  0x00008cb5    0xb0  Code  Gb  ftm.o [1]
FTM_PWM_QuickInit       0x00008d65   0x21a  Code  Gb  ftm.o [1]
FTM_QD_ClearCount       0x0000865b     0xe  Code  Gb  ftm.o [1]
FTM_QD_GetData          0x0000863b    0x20  Code  Gb  ftm.o [1]
FTM_QD_QuickInit        0x00008499   0x1a2  Code  Gb  ftm.o [1]
FTM_SetMode             0x0000876d   0x548  Code  Lc  ftm.o [1]
GPIO_CallBackTable      0x1fff4188    0x14  Data  Lc  gpio.o [1]
GPIO_CallbackInstall    0x000095cf    0x1e  Code  Gb  gpio.o [1]
GPIO_IRQnTable          0x0000cec0     0x8  Data  Lc  gpio.o [1]
GPIO_ISR                0x0000c975    0xa0  Code  Gb  isr.o [1]
GPIO_ITDMAConfig        0x00009443   0x18c  Code  Gb  gpio.o [1]
GPIO_Init               0x00009315    0xe4  Code  Gb  gpio.o [1]
GPIO_InstanceTable      0x0000cdfc    0x14  Data  Lc  gpio.o [1]
GPIO_PinConfig          0x000092b7    0x5e  Code  Gb  gpio.o [1]
GPIO_QuickInit          0x000093f9    0x1c  Code  Gb  gpio.o [1]
GPIO_ReadBit            0x00009415    0x2e  Code  Gb  gpio.o [1]
GetClock                0x00009671    0x60  Code  Gb  common.o [1]
GetOffset               0x0000a96f    0x24  Code  Gb  img_processing.o [1]
H_Cnt                   0x1fff4228     0x2  Data  Gb  varieble.o [1]
IsEmpty                 0x0000aad5    0x3e  Code  Gb  img_processing.o [1]
IsImLine                0x0000ab13    0x5a  Code  Gb  img_processing.o [1]
IsRowAngle              0x0000a993   0x142  Code  Gb  img_processing.o [1]
LPLD_SCCB_Delay         0x0000be1d     0xe  Code  Lc  DEV_SCCB.o [1]
LPLD_SCCB_SendByte      0x0000bdb9    0x52  Code  Lc  DEV_SCCB.o [1]
LPLD_SCCB_Start         0x0000bcc9    0x6a  Code  Lc  DEV_SCCB.o [1]
LPLD_SCCB_Stop          0x0000bd33    0x2c  Code  Lc  DEV_SCCB.o [1]
LPLD_SCCB_WaitAck       0x0000bd5f    0x5a  Code  Lc  DEV_SCCB.o [1]
LPLD_SCCB_WriteReg      0x0000bc81    0x48  Code  Gb  DEV_SCCB.o [1]
LPTMR_CallBackTable     0x1fff41ec     0x4  Data  Lc  lptmr.o [1]
LPTMR_ClearCounter      0x0000a425    0x1a  Code  Gb  lptmr.o [1]
LPTMR_PC_Init           0x0000a2e5    0xbe  Code  Gb  lptmr.o [1]
LPTMR_PC_QuickInit      0x0000a3b3    0x72  Code  Gb  lptmr.o [1]
LPTMR_PC_ReadCounter    0x0000a3a3    0x10  Code  Gb  lptmr.o [1]
LPTimer_IRQHandler      0x0000a43f    0x1e  Code  Gb  lptmr.o [1]
L_dir                   0x1fff422b     0x1  Data  Gb  main.o [1]
L_flag                  0x1fff422d     0x1  Data  Gb  main.o [1]
Left_Motor              0x1fff40f8    0x20  Data  Gb  PID.o [1]
Lx                      0x1fff405c    0x34  Data  Gb  varieble.o [1]
Midx                    0x1fff40c4    0x34  Data  Gb  varieble.o [1]
NMI_Handler             0x000096d9     0x8  Code  Gb  common.o [1]
NVIC_DisableIRQ         0x000090f3    0x16  Code  Lc  gpio.o [1]
NVIC_EnableIRQ          0x000090dd    0x16  Code  Lc  gpio.o [1]
NVIC_EnableIRQ          0x0000a475    0x14  Code  Lc  pit.o [1]
OLED_Clear              0x0000ac59    0x38  Code  Gb  oled.o [1]
OLED_DrawPoint          0x0000ac91    0x8c  Code  Gb  oled.o [1]
OLED_GRAM               0x1fff3c1c   0x400  Data  Gb  oled.o [1]
OLED_Init               0x0000af25    0xfa  Code  Gb  oled.o [1]
OLED_Refresh_Gram       0x0000abf9    0x60  Code  Gb  oled.o [1]
OLED_ShowChar           0x0000ad1d    0xca  Code  Gb  oled.o [1]
OLED_ShowNum_1206       0x0000ae43    0xb8  Code  Gb  oled.o [1]
OLED_ShowString_1206    0x0000ae15    0x2e  Code  Gb  oled.o [1]
OLED_ShowString_1608    0x0000ade7    0x2e  Code  Gb  oled.o [1]
OLED_WR_Byte            0x0000aba1    0x58  Code  Gb  oled.o [1]
OLED_Welcome            0x0000b01f    0x7e  Code  Gb  oled.o [1]
Offset                  0x1fff4218     0x4  Data  Gb  varieble.o [1]
PDB0_IRQHandler         0x0000ccdd    0x1e  Code  Gb  pdb.o [1]
PDB_CallBackTable       0x1fff41fc     0x4  Data  Lc  pdb.o [1]
PID_Ctrl                0x0000a681    0xa4  Code  Gb  PID.o [1]
PID_Init                0x0000a611    0x70  Code  Gb  PID.o [1]
PIT0_CallBack           0x00009c25    0x7a  Code  Gb  main.o [1]
PIT0_IRQHandler         0x0000a5e9     0xa  Code  Gb  pit.o [1]
PIT1_IRQHandler         0x0000a5f3     0xa  Code  Gb  pit.o [1]
PIT2_IRQHandler         0x0000a5fd     0xa  Code  Gb  pit.o [1]
PIT3_IRQHandler         0x0000a607     0xa  Code  Gb  pit.o [1]
PIT_CallBackTable       0x1fff419c    0x10  Data  Lc  pit.o [1]
PIT_CallbackInstall     0x0000a581    0x1c  Code  Gb  pit.o [1]
PIT_IRQHandler          0x0000a59d    0x2a  Code  Lc  pit.o [1]
PIT_IRQnTable           0x0000ced4     0x4  Data  Lc  pit.o [1]
PIT_ITDMAConfig         0x0000a4f7    0x8a  Code  Gb  pit.o [1]
PIT_Init                0x0000a489    0x5e  Code  Gb  pit.o [1]
PIT_QuickInit           0x0000a4e7    0x10  Code  Gb  pit.o [1]
PORTA_IRQHandler        0x0000963d     0xa  Code  Gb  gpio.o [1]
PORTB_IRQHandler        0x00009647     0xa  Code  Gb  gpio.o [1]
PORTC_IRQHandler        0x00009651     0xa  Code  Gb  gpio.o [1]
PORTD_IRQHandler        0x0000965b     0xa  Code  Gb  gpio.o [1]
PORTE_IRQHandler        0x00009665     0xa  Code  Gb  gpio.o [1]
PORT_IRQHandler         0x000095ed    0x30  Code  Lc  gpio.o [1]
PORT_InstanceTable      0x0000ce10    0x14  Data  Lc  gpio.o [1]
PORT_PinMuxConfig       0x00009109    0x68  Code  Gb  gpio.o [1]
PORT_PinOpenDrainConfig
                        0x0000924f    0x68  Code  Gb  gpio.o [1]
PORT_PinPullConfig      0x00009171    0xde  Code  Gb  gpio.o [1]
PWM_Ctrl                0x00009fa1    0x80  Code  Gb  main.o [1]
RTC_CallBackTable       0x1fff4204     0x4  Data  Lc  rtc.o [1]
RTC_IRQHandler          0x0000caa9    0x42  Code  Gb  rtc.o [1]
R_dir                   0x1fff422c     0x1  Data  Gb  main.o [1]
R_flag                  0x1fff422e     0x1  Data  Gb  main.o [1]
Region$$Table$$Base     0x0000cd78           --   Gb  - Linker created -
Region$$Table$$Limit    0x0000cd9c           --   Gb  - Linker created -
Right_Motor             0x1fff4118    0x20  Data  Gb  PID.o [1]
Rx                      0x1fff4090    0x34  Data  Gb  varieble.o [1]
SIM_FTMClockGateTable   0x0000cd54    0x24  Data  Lc  ftm.o [1]
SIM_GPIOClockGateTable  0x0000ce24    0x14  Data  Lc  gpio.o [1]
SIM_LPTMRClockGateTable
                        0x0000ce70     0xc  Data  Lc  lptmr.o [1]
SPI0_IRQHandler         0x0000cb35     0xa  Code  Gb  spi.o [1]
SPI1_IRQHandler         0x0000cb3f     0xa  Code  Gb  spi.o [1]
SPI2_IRQHandler         0x0000cb49     0xa  Code  Gb  spi.o [1]
SPI_CallBackTable       0x1fff41b8     0xc  Data  Lc  spi.o [1]
SPI_IRQHandler          0x0000cb01    0x2a  Code  Lc  spi.o [1]
SPI_InstanceTable       0x0000cea0     0xc  Data  Gb  spi.o [1]
Speed_w                 0x1fff4138    0x20  Data  Gb  PID.o [1]
SystemCoreClock         0x1fff00ac     0x4  Data  Gb  system_MK60D10.o [1]
SystemCoreClockUpdate   0x00009795   0x142  Code  Gb  system_MK60D10.o [1]
SystemInit              0x000096e1    0xb4  Code  Gb  system_MK60D10.o [1]
TSI0_IRQHandler         0x0000cc25    0x2a  Code  Gb  tsi.o [1]
TSI_CallBackTable       0x1fff4208     0x4  Data  Lc  tsi.o [1]
UART0_RX_TX_IRQHandler  0x0000b915     0xa  Code  Gb  uart.o [1]
UART1_RX_TX_IRQHandler  0x0000b91f     0xa  Code  Gb  uart.o [1]
UART2_RX_TX_IRQHandler  0x0000b929     0xa  Code  Gb  uart.o [1]
UART3_RX_TX_IRQHandler  0x0000b933     0xa  Code  Gb  uart.o [1]
UART4_RX_TX_IRQHandler  0x0000b93d     0xa  Code  Gb  uart.o [1]
UART5_RX_TX_IRQHandler  0x0000b947     0xa  Code  Gb  uart.o [1]
UARTBase                0x0000cde4    0x18  Data  Lc  uart.o [1]
UART_CallBackRxTable    0x1fff4170    0x18  Data  Lc  uart.o [1]
UART_CallBackTxTable    0x1fff4158    0x18  Data  Lc  uart.o [1]
UART_DebugInstance      0x1fff4232     0x1  Data  Lc  uart.o [1]
UART_EnableRxFIFO       0x0000b78d    0x3e  Code  Gb  uart.o [1]
UART_EnableTxFIFO       0x0000b74f    0x3e  Code  Gb  uart.o [1]
UART_IRQ_Handler        0x0000b843    0xba  Code  Lc  uart.o [1]
UART_Init               0x0000b409   0x346  Code  Gb  uart.o [1]
UART_Init::is_fitst_init
                        0x1fff00ba     0x1  Data  Lc  uart.o [1]
UART_QuickInit          0x0000b7cb    0x78  Code  Gb  uart.o [1]
V_Cnt                   0x1fff420c     0x4  Data  Gb  varieble.o [1]
WDOG_CallBackTable      0x1fff421c     0x4  Data  Lc  wdog.o [1]
Watchdog_IRQHandler     0x0000cd05    0x1e  Code  Gb  wdog.o [1]
_FTM_InitBasic          0x00008411    0x88  Code  Lc  ftm.o [1]
__Vectors               0x00000000           --   Gb  startup_MK60D10.o [1]
__Vectors_End           0x00000400          Data  Gb  startup_MK60D10.o [1]
__Vectors_Size {Abs}    0x00000400           --   Gb  startup_MK60D10.o [1]
__aeabi_cfcmple         0x0000be51          Code  Gb  FltCmpLe.o [4]
__aeabi_cfrcmple        0x0000be2d          Code  Gb  FltCmpGe.o [4]
__aeabi_f2iz            0x0000b2f9          Code  Gb  FltToS32.o [4]
__aeabi_fadd            0x0000b325          Code  Gb  FltAdd.o [4]
__aeabi_fmul            0x0000b1a1          Code  Gb  FltMul.o [4]
__aeabi_fsub            0x0000b279          Code  Gb  FltSub.o [4]
__aeabi_i2f             0x0000b0d1          Code  Gb  S32ToFlt.o [4]
__aeabi_memclr          0x0000be75          Code  Gb  ABImemclr.o [5]
__aeabi_memclr4         0x0000b951          Code  Gb  ABImemclr4.o [5]
__cmain                 0x0000cd9d          Code  Gb  cmain.o [5]
__exit                  0x0000cdd1    0x14  Code  Gb  exit.o [6]
__iar_Memset4_word      0x0000be7d          Code  Gb  ABImemset48.o [5]
__iar_Memset8_word      0x0000be7d          Code  Gb  ABImemset48.o [5]
__iar_Memset_word       0x0000beb1          Code  Gb  ABImemset.o [5]
__iar_copy_init3        0x0000cc89    0x2c  Code  Gb  copy_init3.o [5]
__iar_data_init3        0x0000cd2d    0x28  Code  Gb  data_init.o [5]
__iar_fadd              0x0000b285          Code  Gb  FltSub.o [4]
__iar_fsub              0x0000b331          Code  Gb  FltAdd.o [4]
__iar_fsubStart         0x0000b341          Code  Gb  FltAdd.o [4]
__iar_program_start     0x0000cead          Code  Gb  cstartup_M.o [5]
__iar_systems$$module {Abs}
                        0x00000001          Data  Gb  command line/config [2]
__iar_zero_init3        0x0000cbe5    0x40  Code  Gb  zero_init3.o [5]
__low_level_init        0x0000cdbb     0x4  Code  Gb  low_level_init.o [3]
__vector_table          0x00000000          Data  Gb  startup_MK60D10.o [1]
_call_main              0x0000cda9          Code  Gb  cmain.o [5]
_exit                   0x0000cdc5          Code  Gb  cexit.o [5]
_main                   0x0000cdb7          Code  Gb  cmain.o [5]
asc2_1206               0x0000c500   0x474  Data  Gb  oled.o [1]
asc2_1608               0x0000bf10   0x5f0  Data  Gb  oled.o [1]
base_speed              0x1fff00b8     0x2  Data  Gb  main.o [1]
counter_left            0x1fff4222     0x2  Data  Gb  main.o [1]
counter_right           0x1fff41f0     0x4  Data  Gb  main.o [1]
dispimage1              0x0000a86d   0x102  Code  Gb  img_processing.o [1]
display_col             0x1fff0000    0xa0  Data  Gb  img_processing.o [1]
exit                    0x0000cdbf     0x4  Code  Gb  exit.o [3]
fac_us                  0x1fff4200     0x4  Data  Lc  pit.o [1]
farflag                 0x1fff4214     0x4  Data  Gb  varieble.o [1]
farline                 0x1fff4233     0x1  Data  Gb  varieble.o [1]
get_chl_pair_index      0x00008669    0x3e  Code  Lc  ftm.o [1]
img1                    0x1fff00bc  0x1db0  Data  Gb  varieble.o [1]
img2                    0x1fff1e6c  0x1db0  Data  Gb  varieble.o [1]
imgadd                  0x1fff4210     0x4  Data  Gb  varieble.o [1]
init                    0x0000a099   0x164  Code  Gb  init.o [1]
init_ov7620             0x0000a1fd    0xca  Code  Gb  init.o [1]
init_steer              0x0000a2c7    0x12  Code  Gb  init.o [1]
keyCheck                0x0000b0f5    0xa2  Code  Gb  gui.o [1]
key_counter             0x1fff41e4     0x4  Data  Gb  gui.o [1]
key_temp                0x1fff41e8     0x4  Data  Gb  gui.o [1]
left_speed              0x1fff4224     0x2  Data  Gb  main.o [1]
main                    0x00009921   0x304  Code  Gb  main.o [1]
master_c                0x1fff00a0     0x4  Data  Gb  main.o [1]
maxspeed                0x1fff00b4     0x2  Data  Gb  main.o [1]
menu_t                  0x1fff00a8     0x4  Data  Gb  main.o [1]
minspeed                0x1fff00b6     0x2  Data  Gb  main.o [1]
pointx                  0x1fff422f     0x1  Data  Gb  main.o [1]
pointy                  0x1fff4230     0x1  Data  Gb  main.o [1]
right_speed             0x1fff4226     0x2  Data  Gb  main.o [1]
searchline_OV7620       0x0000a74d   0x120  Code  Gb  img_processing.o [1]
slaver_c                0x1fff00a4     0x4  Data  Gb  main.o [1]
stopcounter             0x1fff41f8     0x4  Data  Gb  main.o [1]
stopflag                0x1fff4231     0x1  Data  Gb  main.o [1]
vsync                   0x1fff4220     0x2  Data  Gb  isr.o [1]
welcome                 0x00000410  0x8000  Data  Gb  oled.o [1]
whiteRoad               0x1fff00b0     0x4  Data  Gb  varieble.o [1]


[1] = D:\IAR_Project\3.15_speed2_zigesai\Debug\Obj
[2] = command line
[3] = dl7M_tlf.a
[4] = m7M_tl.a
[5] = rt7M_tl.a
[6] = shb_l.a

  17 412 bytes of readonly  code memory
  35 980 bytes of readonly  data memory
  25 139 bytes of readwrite data memory

Errors: none
Warnings: none
